  正在确定要还原的项目…
  所有项目均是最新的，无法还原。
  OTFontFile.Baseline -> F:\GitHub\FontFlat\OTFontFile.Baseline\bin\Debug\net10.0\OTFontFile.Baseline.dll
  OTFontFile -> F:\GitHub\FontFlat\OTFontFile\bin\Debug\net10.0\OTFontFile.dll
  OTFontFile.Performance.Tests -> F:\GitHub\FontFlat\OTFontFile.Performance.Tests\bin\Debug\net10.0\OTFontFile.Performance.Tests.dll
F:\GitHub\FontFlat\OTFontFile.Performance.Tests\bin\Debug\net10.0\OTFontFile.Performance.Tests.dll (.NETCoreApp,Version=v10.0)的测试运行
VSTest 版本 18.0.1 (x64)

正在启动测试执行，请稍候...
总共 1 个测试文件与指定模式相匹配。
  已跳过 Compare_FileLoadingTime_SmallFont [90 ms]

已通过! - 失败:     0，通过:     5，已跳过:     1，总计:     6，持续时间: 1 s - OTFontFile.Performance.Tests.dll (net10.0)
